2026-07-24 06:06:27 ERROR: Database connection timeout
2026-07-24 06:06:28 INFO: Request processed in 120ms
2026-07-24 06:06:29 INFO: Health check passed
2026-07-24 06:06:30 INFO: Request processed in 120ms
2026-07-24 06:06:31 INFO: User login successful
2026-07-24 06:06:32 ERROR: Failed to write to disk
2026-07-24 06:06:33 ERROR: Failed to write to disk
2026-07-24 06:06:34 INFO: Session closed
2026-07-24 06:06:35 ERROR: Failed to write to disk
2026-07-24 06:06:36 ERROR: Failed to write to disk
2026-07-24 06:06:37 ERROR: Failed to write to disk
2026-07-24 06:06:38 INFO: Health check passed
2026-07-24 06:06:39 INFO: Cache refreshed
2026-07-24 06:06:40 INFO: Health check passed
2026-07-24 06:06:41 INFO: Health check passed
2026-07-24 06:06:42 INFO: Session closed
2026-07-24 06:06:44 INFO: Cache refreshed
2026-07-24 06:06:45 ERROR: NullPointerException in module X
2026-07-24 06:06:46 INFO: Health check passed
2026-07-24 06:06:47 INFO: User login successful
